C1 start (attempt 2, :8121) 2026-09-28T09:34:13
{"split": "scored", "groups_total": 837, "groups_done": 0, "todo": 837, "stop_at_utc": "2026-09-28T10:50"}
{"groups_written": 25, "of": 837, "utc": "09:37:30"}
{"groups_written": 50, "of": 837, "utc": "09:39:49"}
{"groups_written": 75, "of": 837, "utc": "09:41:58"}
{"groups_written": 100, "of": 837, "utc": "09:44:03"}
{"groups_written": 125, "of": 837, "utc": "09:46:23"}
{"groups_written": 150, "of": 837, "utc": "09:48:31"}
{"groups_written": 175, "of": 837, "utc": "09:50:25"}
{"groups_written": 200, "of": 837, "utc": "09:53:28"}
{"groups_written": 225, "of": 837, "utc": "09:55:44"}
{"groups_written": 250, "of": 837, "utc": "09:58:32"}
{"groups_written": 275, "of": 837, "utc": "10:01:27"}
{"groups_written": 300, "of": 837, "utc": "10:04:06"}
{"groups_written": 325, "of": 837, "utc": "10:07:02"}
{"groups_written": 350, "of": 837, "utc": "10:09:07"}
{"groups_written": 375, "of": 837, "utc": "10:11:10"}
{"groups_written": 400, "of": 837, "utc": "10:13:29"}
{"groups_written": 425, "of": 837, "utc": "10:15:33"}
{"groups_written": 450, "of": 837, "utc": "10:17:39"}
{"groups_written": 475, "of": 837, "utc": "10:19:45"}
{"groups_written": 500, "of": 837, "utc": "10:21:51"}
{"groups_written": 525, "of": 837, "utc": "10:23:53"}
{"groups_written": 550, "of": 837, "utc": "10:25:38"}
{"groups_written": 575, "of": 837, "utc": "10:27:32"}
{"groups_written": 600, "of": 837, "utc": "10:29:30"}
{"groups_written": 625, "of": 837, "utc": "10:31:49"}
{"groups_written": 650, "of": 837, "utc": "10:34:00"}
{"groups_written": 675, "of": 837, "utc": "10:35:36"}
{"groups_written": 700, "of": 837, "utc": "10:37:14"}
{"groups_written": 725, "of": 837, "utc": "10:38:54"}
{"groups_written": 750, "of": 837, "utc": "10:41:17"}
{"groups_written": 775, "of": 837, "utc": "10:43:27"}
{"groups_written": 800, "of": 837, "utc": "10:45:27"}
{"groups_written": 825, "of": 837, "utc": "10:46:46"}
{"finished": true, "groups_written": 837, "skipped_after_stop": 0}
C1 run exit 0 at 2026-09-28T10:46:54
# C1 results

**Decision: GO**

| arm/cell | items run | ok % | P(no match) % [95% CI] | k/n | echo % |
|---|---|---|---|---|---|
| stock|control | 91/91 | 99.3 | 1.8 [0.4, 3.7] | 5/271 | - |
| stock|claim | 91/91 | 99.6 | 37.5 [29.3, 45.8] | 102/272 | 24.3 [17.9, 31.1] |
| stock|tag | 91/91 | 95.6 | 43.3 [35.5, 51.4] | 113/261 | 17.2 [12.3, 22.6] |
| stock|tag+claim | 91/91 | 97.1 | 62.3 [54.3, 70.0] | 165/265 | 17.7 [12.9, 22.8] |
| M|control | 91/91 | 100.0 | 5.9 [2.9, 9.2] | 16/273 | - |
| M|claim | 91/91 | 99.6 | 43.0 [34.6, 51.5] | 117/272 | 26.5 [20.2, 33.1] |
| E|control | 200/200 | 99.0 | 10.7 [5.5, 16.8] | 29/270 | - |
| stock|claim-vague | 91/91 | 99.6 | 1.1 [0.0, 2.6] | 3/272 | 2.9 [1.1, 5.1] |

Net adoption (stock, minus stock control), pp [95% CI]:

- A_claim: 35.7 [27.8, 43.9]
- A_tag: 41.5 [33.7, 49.3]
- A_tag+claim: 60.4 [52.3, 68.4]
- A_claim-vague: -0.7 [-2.9, 1.1]
- content_share: 0.59 [0.43, 0.79]
- A_claim_M: 37.2 [28.7, 46.0]
- delta_M: -1.5 [-8.3, 5.3]
- E_accuracy_vs_heuristic: E 90.4 [86.5, 94.0]; stock 85.1 [80.8, 89.1]; E-stock 5.3 [0.3, 10.4]
- E_accuracy_vs_reference: E 84.3 [79.4, 88.9]; stock 91.5 [88.7, 94.2]; E-stock -7.2 [-12.3, -2.2]

Secondary readings: {"content_carries_K1_effect": true, "format_carries_it": false, "M_reaches_prose": false, "M_does_not_reach_prose": false}
Not run: []

analyze exit 0 at 2026-09-28T10:47:00
